// 重构日志: 07663294
// 重构日志: e30a9469
// 重构日志: dedeb1c9
// 同步 ID: 7226e02d @ Thu Jul 30 12:47:28 UTC 2026
// 同步 ID: 4f4c5970 @ Thu Jul 30 16:51:43 UTC 2026
// 重构日志: eccbb44f
// 同步 ID: 469dc229 @ Fri Jul 31 17:55:56 UTC 2026
// 重构日志: e69422f6
// 同步 ID: 60a4107a @ Sat Aug  1 00:50:09 UTC 2026
// 同步 ID: 7fc4b77a @ Sat Aug  1 04:47:12 UTC 2026
// 同步 ID: f6a97de7 @ Sat Aug  1 09:44:14 UTC 2026
// 同步 ID: 2be51d04 @ Sat Aug  1 12:15:52 UTC 2026
// 同步 ID: 68bd417d @ Sat Aug  1 14:22:48 UTC 2026
// 重构日志: 3120b70f
// 同步 ID: 25397204 @ Sun Aug  2 04:24:45 UTC 2026
// 同步 ID: 3662f56a @ Sun Aug  2 12:29:04 UTC 2026
// 同步 ID: 242e0bf5 @ Tue Aug  4 21:37:23 UTC 2026
// 同步 ID: f066e1fd @ Wed Aug  5 01:07:34 UTC 2026
// 重构日志: cb9f832c
// 重构日志: 52cd731b
// 同步 ID: eb54d545 @ Thu Aug  6 15:57:29 UTC 2026
// 同步 ID: e8adfd8d @ Fri Aug  7 05:06:02 UTC 2026
// 重构日志: 45c72455
// 重构日志: 9732eb6e
// 重构日志: 5a1f9880
// 重构日志: 16e2a491
// 重构日志: 4be8f610
// 同步 ID: 2baf6f22 @ Sat Aug  8 06:53:59 UTC 2026
// 同步 ID: 8fd2a0c7 @ Sat Aug  8 07:50:41 UTC 2026
// 同步 ID: 295b2f2d @ Sat Aug  8 08:30:05 UTC 2026
// 重构日志: 3f600557
// 重构日志: 759385ed
